// Jest Snapshot v1, https://goo.gl/fbAQLP

exports[`Home page matches snapshot and renders 1`] = `
<DocumentFragment>
  <div
    class="styles__Wrapper-kt6arw-0 lcCCSV"
  >
    <div
      style="display: grid;"
    >
      header?
    </div>
    <div
      style="display: grid;"
    >
      main?
    </div>
    <div
      style="display: grid;"
    >
      footer?
    </div>
  </div>
</DocumentFragment>
`;
